Archive member included to satisfy reference by file (symbol)

/home/user/git/freedom-tools/obj/x86_64-linux-centos6/build/riscv64-unknown-elf-gcc/install-gcc/bin/../lib/gcc/riscv64-unknown-elf/10.2.0/../../../../riscv64-unknown-elf/lib/rv32i/ilp32/libc.a(lib_a-exit.o)
                              /home/user/git/freedom-tools/obj/x86_64-linux-centos6/build/riscv64-unknown-elf-gcc/install-gcc/bin/../lib/gcc/riscv64-unknown-elf/10.2.0/../../../../riscv64-unknown-elf/lib/rv32i/ilp32/crt0.o (exit)
/home/user/git/freedom-tools/obj/x86_64-linux-centos6/build/riscv64-unknown-elf-gcc/install-gcc/bin/../lib/gcc/riscv64-unknown-elf/10.2.0/../../../../riscv64-unknown-elf/lib/rv32i/ilp32/libc.a(lib_a-impure.o)
                              /home/user/git/freedom-tools/obj/x86_64-linux-centos6/build/riscv64-unknown-elf-gcc/install-gcc/bin/../lib/gcc/riscv64-unknown-elf/10.2.0/../../../../riscv64-unknown-elf/lib/rv32i/ilp32/libc.a(lib_a-exit.o) (_global_impure_ptr)
/home/user/git/freedom-tools/obj/x86_64-linux-centos6/build/riscv64-unknown-elf-gcc/install-gcc/bin/../lib/gcc/riscv64-unknown-elf/10.2.0/../../../../riscv64-unknown-elf/lib/rv32i/ilp32/libc.a(lib_a-init.o)
                              /home/user/git/freedom-tools/obj/x86_64-linux-centos6/build/riscv64-unknown-elf-gcc/install-gcc/bin/../lib/gcc/riscv64-unknown-elf/10.2.0/../../../../riscv64-unknown-elf/lib/rv32i/ilp32/crt0.o (__libc_init_array)
/home/user/git/freedom-tools/obj/x86_64-linux-centos6/build/riscv64-unknown-elf-gcc/install-gcc/bin/../lib/gcc/riscv64-unknown-elf/10.2.0/../../../../riscv64-unknown-elf/lib/rv32i/ilp32/libc.a(lib_a-memset.o)
                              /home/user/git/freedom-tools/obj/x86_64-linux-centos6/build/riscv64-unknown-elf-gcc/install-gcc/bin/../lib/gcc/riscv64-unknown-elf/10.2.0/../../../../riscv64-unknown-elf/lib/rv32i/ilp32/crt0.o (memset)
/home/user/git/freedom-tools/obj/x86_64-linux-centos6/build/riscv64-unknown-elf-gcc/install-gcc/bin/../lib/gcc/riscv64-unknown-elf/10.2.0/../../../../riscv64-unknown-elf/lib/rv32i/ilp32/libc.a(lib_a-__call_atexit.o)
                              /home/user/git/freedom-tools/obj/x86_64-linux-centos6/build/riscv64-unknown-elf-gcc/install-gcc/bin/../lib/gcc/riscv64-unknown-elf/10.2.0/../../../../riscv64-unknown-elf/lib/rv32i/ilp32/libc.a(lib_a-exit.o) (__call_exitprocs)
/home/user/git/freedom-tools/obj/x86_64-linux-centos6/build/riscv64-unknown-elf-gcc/install-gcc/bin/../lib/gcc/riscv64-unknown-elf/10.2.0/../../../../riscv64-unknown-elf/lib/rv32i/ilp32/libc.a(lib_a-fini.o)
                              /home/user/git/freedom-tools/obj/x86_64-linux-centos6/build/riscv64-unknown-elf-gcc/install-gcc/bin/../lib/gcc/riscv64-unknown-elf/10.2.0/../../../../riscv64-unknown-elf/lib/rv32i/ilp32/libc.a(lib_a-__call_atexit.o) (__libc_fini_array)
/home/user/git/freedom-tools/obj/x86_64-linux-centos6/build/riscv64-unknown-elf-gcc/install-gcc/bin/../lib/gcc/riscv64-unknown-elf/10.2.0/../../../../riscv64-unknown-elf/lib/rv32i/ilp32/libc.a(lib_a-atexit.o)
                              /home/user/git/freedom-tools/obj/x86_64-linux-centos6/build/riscv64-unknown-elf-gcc/install-gcc/bin/../lib/gcc/riscv64-unknown-elf/10.2.0/../../../../riscv64-unknown-elf/lib/rv32i/ilp32/libc.a(lib_a-__call_atexit.o) (atexit)
/home/user/git/freedom-tools/obj/x86_64-linux-centos6/build/riscv64-unknown-elf-gcc/install-gcc/bin/../lib/gcc/riscv64-unknown-elf/10.2.0/../../../../riscv64-unknown-elf/lib/rv32i/ilp32/libc.a(lib_a-__atexit.o)
                              /home/user/git/freedom-tools/obj/x86_64-linux-centos6/build/riscv64-unknown-elf-gcc/install-gcc/bin/../lib/gcc/riscv64-unknown-elf/10.2.0/../../../../riscv64-unknown-elf/lib/rv32i/ilp32/libc.a(lib_a-atexit.o) (__register_exitproc)
/home/user/git/freedom-tools/obj/x86_64-linux-centos6/build/riscv64-unknown-elf-gcc/install-gcc/bin/../lib/gcc/riscv64-unknown-elf/10.2.0/../../../../riscv64-unknown-elf/lib/rv32i/ilp32/libgloss.a(sys_exit.o)
                              /home/user/git/freedom-tools/obj/x86_64-linux-centos6/build/riscv64-unknown-elf-gcc/install-gcc/bin/../lib/gcc/riscv64-unknown-elf/10.2.0/../../../../riscv64-unknown-elf/lib/rv32i/ilp32/libc.a(lib_a-exit.o) (_exit)
/home/user/git/freedom-tools/obj/x86_64-linux-centos6/build/riscv64-unknown-elf-gcc/install-gcc/bin/../lib/gcc/riscv64-unknown-elf/10.2.0/../../../../riscv64-unknown-elf/lib/rv32i/ilp32/libc.a(lib_a-errno.o)
                              /home/user/git/freedom-tools/obj/x86_64-linux-centos6/build/riscv64-unknown-elf-gcc/install-gcc/bin/../lib/gcc/riscv64-unknown-elf/10.2.0/../../../../riscv64-unknown-elf/lib/rv32i/ilp32/libgloss.a(sys_exit.o) (__errno)

Memory Configuration

Name             Origin             Length             Attributes
ram              0x0000000000000000 0x0000000000010000 xrw
*default*        0x0000000000000000 0xffffffffffffffff

Linker script and memory map

LOAD /home/user/git/freedom-tools/obj/x86_64-linux-centos6/build/riscv64-unknown-elf-gcc/install-gcc/bin/../lib/gcc/riscv64-unknown-elf/10.2.0/../../../../riscv64-unknown-elf/lib/rv32i/ilp32/crt0.o
LOAD /home/user/git/freedom-tools/obj/x86_64-linux-centos6/build/riscv64-unknown-elf-gcc/install-gcc/bin/../lib/gcc/riscv64-unknown-elf/10.2.0/rv32i/ilp32/crtbegin.o
LOAD CMakeFiles/rv_code.dir/main.cpp.obj
LOAD /home/user/git/freedom-tools/obj/x86_64-linux-centos6/build/riscv64-unknown-elf-gcc/install-gcc/bin/../lib/gcc/riscv64-unknown-elf/10.2.0/../../../../riscv64-unknown-elf/lib/rv32i/ilp32/libstdc++.a
LOAD /home/user/git/freedom-tools/obj/x86_64-linux-centos6/build/riscv64-unknown-elf-gcc/install-gcc/bin/../lib/gcc/riscv64-unknown-elf/10.2.0/../../../../riscv64-unknown-elf/lib/rv32i/ilp32/libm.a
LOAD /home/user/git/freedom-tools/obj/x86_64-linux-centos6/build/riscv64-unknown-elf-gcc/install-gcc/bin/../lib/gcc/riscv64-unknown-elf/10.2.0/rv32i/ilp32/libgcc.a
START GROUP
LOAD /home/user/git/freedom-tools/obj/x86_64-linux-centos6/build/riscv64-unknown-elf-gcc/install-gcc/bin/../lib/gcc/riscv64-unknown-elf/10.2.0/../../../../riscv64-unknown-elf/lib/rv32i/ilp32/libc.a
LOAD /home/user/git/freedom-tools/obj/x86_64-linux-centos6/build/riscv64-unknown-elf-gcc/install-gcc/bin/../lib/gcc/riscv64-unknown-elf/10.2.0/../../../../riscv64-unknown-elf/lib/rv32i/ilp32/libgloss.a
END GROUP
LOAD /home/user/git/freedom-tools/obj/x86_64-linux-centos6/build/riscv64-unknown-elf-gcc/install-gcc/bin/../lib/gcc/riscv64-unknown-elf/10.2.0/rv32i/ilp32/libgcc.a
LOAD /home/user/git/freedom-tools/obj/x86_64-linux-centos6/build/riscv64-unknown-elf-gcc/install-gcc/bin/../lib/gcc/riscv64-unknown-elf/10.2.0/rv32i/ilp32/crtend.o
                0x0000000000000000                RAM_START_ADDRESS = 0x0
                0x0000000000010000                RAM_SIZE = 0x10000
                0x0000000000000800                STACK_SIZE = 0x800
                0x0000000000000800                HEAP_SIZE = 0x800

.text           0x0000000000000000      0x560
 *(SORT_NONE(.text.entry))
                0x0000000000000000                . = ALIGN (0x10)
 *(.text .text.* .gnu.linkonce.t.*)
 .text          0x0000000000000000       0x4c /home/user/git/freedom-tools/obj/x86_64-linux-centos6/build/riscv64-unknown-elf-gcc/install-gcc/bin/../lib/gcc/riscv64-unknown-elf/10.2.0/../../../../riscv64-unknown-elf/lib/rv32i/ilp32/crt0.o
                0x0000000000000000                _start
 .text          0x000000000000004c       0x60 /home/user/git/freedom-tools/obj/x86_64-linux-centos6/build/riscv64-unknown-elf-gcc/install-gcc/bin/../lib/gcc/riscv64-unknown-elf/10.2.0/rv32i/ilp32/crtbegin.o
 .text          0x00000000000000ac       0x48 CMakeFiles/rv_code.dir/main.cpp.obj
                0x00000000000000ac                main
 .text          0x00000000000000f4       0x30 /home/user/git/freedom-tools/obj/x86_64-linux-centos6/build/riscv64-unknown-elf-gcc/install-gcc/bin/../lib/gcc/riscv64-unknown-elf/10.2.0/../../../../riscv64-unknown-elf/lib/rv32i/ilp32/libc.a(lib_a-exit.o)
                0x00000000000000f4                exit
 .text          0x0000000000000124        0x0 /home/user/git/freedom-tools/obj/x86_64-linux-centos6/build/riscv64-unknown-elf-gcc/install-gcc/bin/../lib/gcc/riscv64-unknown-elf/10.2.0/../../../../riscv64-unknown-elf/lib/rv32i/ilp32/libc.a(lib_a-impure.o)
 .text          0x0000000000000124       0x94 /home/user/git/freedom-tools/obj/x86_64-linux-centos6/build/riscv64-unknown-elf-gcc/install-gcc/bin/../lib/gcc/riscv64-unknown-elf/10.2.0/../../../../riscv64-unknown-elf/lib/rv32i/ilp32/libc.a(lib_a-init.o)
                0x0000000000000124                __libc_init_array
 .text          0x00000000000001b8       0xdc /home/user/git/freedom-tools/obj/x86_64-linux-centos6/build/riscv64-unknown-elf-gcc/install-gcc/bin/../lib/gcc/riscv64-unknown-elf/10.2.0/../../../../riscv64-unknown-elf/lib/rv32i/ilp32/libc.a(lib_a-memset.o)
                0x00000000000001b8                memset
 .text          0x0000000000000294      0x120 /home/user/git/freedom-tools/obj/x86_64-linux-centos6/build/riscv64-unknown-elf-gcc/install-gcc/bin/../lib/gcc/riscv64-unknown-elf/10.2.0/../../../../riscv64-unknown-elf/lib/rv32i/ilp32/libc.a(lib_a-__call_atexit.o)
                0x0000000000000294                __call_exitprocs
 .text.startup  0x00000000000003b4       0x18 /home/user/git/freedom-tools/obj/x86_64-linux-centos6/build/riscv64-unknown-elf-gcc/install-gcc/bin/../lib/gcc/riscv64-unknown-elf/10.2.0/../../../../riscv64-unknown-elf/lib/rv32i/ilp32/libc.a(lib_a-__call_atexit.o)
 .text          0x00000000000003cc       0x5c /home/user/git/freedom-tools/obj/x86_64-linux-centos6/build/riscv64-unknown-elf-gcc/install-gcc/bin/../lib/gcc/riscv64-unknown-elf/10.2.0/../../../../riscv64-unknown-elf/lib/rv32i/ilp32/libc.a(lib_a-fini.o)
                0x00000000000003cc                __libc_fini_array
 .text          0x0000000000000428       0x14 /home/user/git/freedom-tools/obj/x86_64-linux-centos6/build/riscv64-unknown-elf-gcc/install-gcc/bin/../lib/gcc/riscv64-unknown-elf/10.2.0/../../../../riscv64-unknown-elf/lib/rv32i/ilp32/libc.a(lib_a-atexit.o)
                0x0000000000000428                atexit
 .text          0x000000000000043c       0x98 /home/user/git/freedom-tools/obj/x86_64-linux-centos6/build/riscv64-unknown-elf-gcc/install-gcc/bin/../lib/gcc/riscv64-unknown-elf/10.2.0/../../../../riscv64-unknown-elf/lib/rv32i/ilp32/libc.a(lib_a-__atexit.o)
                0x000000000000043c                __register_exitproc
 .text          0x00000000000004d4       0x30 /home/user/git/freedom-tools/obj/x86_64-linux-centos6/build/riscv64-unknown-elf-gcc/install-gcc/bin/../lib/gcc/riscv64-unknown-elf/10.2.0/../../../../riscv64-unknown-elf/lib/rv32i/ilp32/libgloss.a(sys_exit.o)
                0x00000000000004d4                _exit
 .text          0x0000000000000504        0x8 /home/user/git/freedom-tools/obj/x86_64-linux-centos6/build/riscv64-unknown-elf-gcc/install-gcc/bin/../lib/gcc/riscv64-unknown-elf/10.2.0/../../../../riscv64-unknown-elf/lib/rv32i/ilp32/libc.a(lib_a-errno.o)
                0x0000000000000504                __errno
 .text          0x000000000000050c        0x0 /home/user/git/freedom-tools/obj/x86_64-linux-centos6/build/riscv64-unknown-elf-gcc/install-gcc/bin/../lib/gcc/riscv64-unknown-elf/10.2.0/rv32i/ilp32/crtend.o
 *(.plt)
                0x0000000000000510                . = ALIGN (0x10)
 *fill*         0x000000000000050c        0x4 
 *crtbegin.o(.ctors)
 *(EXCLUDE_FILE(*crtend.o) .ctors)
 *(SORT_BY_NAME(.ctors.*))
 *crtend.o(.ctors)
 *crtbegin.o(.dtors)
 *(EXCLUDE_FILE(*crtend.o) .dtors)
 *(SORT_BY_NAME(.dtors.*))
 *crtend.o(.dtors)
 *(.rodata .rodata.* .gnu.linkonce.r.*)
 *(.gcc_except_table)
 *(.eh_frame_hdr)
 *(.eh_frame)
 .eh_frame      0x0000000000000510        0x0 /home/user/git/freedom-tools/obj/x86_64-linux-centos6/build/riscv64-unknown-elf-gcc/install-gcc/bin/../lib/gcc/riscv64-unknown-elf/10.2.0/rv32i/ilp32/crtbegin.o
 .eh_frame      0x0000000000000510       0x38 CMakeFiles/rv_code.dir/main.cpp.obj
 .eh_frame      0x0000000000000548        0x4 /home/user/git/freedom-tools/obj/x86_64-linux-centos6/build/riscv64-unknown-elf-gcc/install-gcc/bin/../lib/gcc/riscv64-unknown-elf/10.2.0/rv32i/ilp32/crtend.o
 *(.init)
 *(.fini)
                0x000000000000054c                PROVIDE (__preinit_array_start = .)
 *(.preinit_array)
                0x000000000000054c                PROVIDE (__preinit_array_end = .)
                0x000000000000054c                PROVIDE (__init_array_start = .)
 *(SORT_BY_NAME(.init_array.*))
 .init_array.00000
                0x000000000000054c        0x4 /home/user/git/freedom-tools/obj/x86_64-linux-centos6/build/riscv64-unknown-elf-gcc/install-gcc/bin/../lib/gcc/riscv64-unknown-elf/10.2.0/../../../../riscv64-unknown-elf/lib/rv32i/ilp32/libc.a(lib_a-__call_atexit.o)
 *(.init_array)
 .init_array    0x0000000000000550        0x4 /home/user/git/freedom-tools/obj/x86_64-linux-centos6/build/riscv64-unknown-elf-gcc/install-gcc/bin/../lib/gcc/riscv64-unknown-elf/10.2.0/rv32i/ilp32/crtbegin.o
                0x0000000000000554                PROVIDE (__init_array_end = .)
                0x0000000000000554                PROVIDE (__fini_array_start = .)
 *(.fini_array)
 .fini_array    0x0000000000000554        0x4 /home/user/git/freedom-tools/obj/x86_64-linux-centos6/build/riscv64-unknown-elf-gcc/install-gcc/bin/../lib/gcc/riscv64-unknown-elf/10.2.0/rv32i/ilp32/crtbegin.o
 *(SORT_BY_NAME(.fini_array.*))
                0x0000000000000558                PROVIDE (__fini_array_end = .)
                0x0000000000000560                . = ALIGN (0x10)
 *fill*         0x0000000000000558        0x8 

.sdata          0x0000000000000560       0x10
                0x0000000000000560                __sdata_load = LOADADDR (.sdata)
                0x0000000000000560                __sdata_start = .
                0x0000000000000d60                PROVIDE (__global_pointer$ = (. + 0x800))
 *(.srodata.cst16)
 *(.srodata.cst8)
 *(.srodata.cst4)
 *(.srodata.cst2)
 *(.srodata*)
 .srodata       0x0000000000000560        0x4 /home/user/git/freedom-tools/obj/x86_64-linux-centos6/build/riscv64-unknown-elf-gcc/install-gcc/bin/../lib/gcc/riscv64-unknown-elf/10.2.0/../../../../riscv64-unknown-elf/lib/rv32i/ilp32/libc.a(lib_a-impure.o)
                0x0000000000000560                _global_impure_ptr
 *(.sdata .sdata.* .gnu.linkonce.s.*)
 .sdata         0x0000000000000564        0x4 /home/user/git/freedom-tools/obj/x86_64-linux-centos6/build/riscv64-unknown-elf-gcc/install-gcc/bin/../lib/gcc/riscv64-unknown-elf/10.2.0/rv32i/ilp32/crtbegin.o
                0x0000000000000564                __dso_handle
 .sdata         0x0000000000000568        0x4 /home/user/git/freedom-tools/obj/x86_64-linux-centos6/build/riscv64-unknown-elf-gcc/install-gcc/bin/../lib/gcc/riscv64-unknown-elf/10.2.0/../../../../riscv64-unknown-elf/lib/rv32i/ilp32/libc.a(lib_a-impure.o)
                0x0000000000000568                _impure_ptr
                0x0000000000000570                . = ALIGN (0x10)
 *fill*         0x000000000000056c        0x4 
                0x0000000000000570                __sdata_end = .

.data           0x0000000000000570      0x430
                0x0000000000000570                __data_load = LOADADDR (.data)
                0x0000000000000570                __data_start = .
 *(.got.plt)
 *(.got)
 *(.shdata)
 *(.data .data.* .gnu.linkonce.d.*)
 .data          0x0000000000000570        0x0 /home/user/git/freedom-tools/obj/x86_64-linux-centos6/build/riscv64-unknown-elf-gcc/install-gcc/bin/../lib/gcc/riscv64-unknown-elf/10.2.0/../../../../riscv64-unknown-elf/lib/rv32i/ilp32/crt0.o
 .data          0x0000000000000570        0x0 /home/user/git/freedom-tools/obj/x86_64-linux-centos6/build/riscv64-unknown-elf-gcc/install-gcc/bin/../lib/gcc/riscv64-unknown-elf/10.2.0/rv32i/ilp32/crtbegin.o
 .data          0x0000000000000570        0x0 CMakeFiles/rv_code.dir/main.cpp.obj
 .data          0x0000000000000570        0x0 /home/user/git/freedom-tools/obj/x86_64-linux-centos6/build/riscv64-unknown-elf-gcc/install-gcc/bin/../lib/gcc/riscv64-unknown-elf/10.2.0/../../../../riscv64-unknown-elf/lib/rv32i/ilp32/libc.a(lib_a-exit.o)
 .data          0x0000000000000570      0x428 /home/user/git/freedom-tools/obj/x86_64-linux-centos6/build/riscv64-unknown-elf-gcc/install-gcc/bin/../lib/gcc/riscv64-unknown-elf/10.2.0/../../../../riscv64-unknown-elf/lib/rv32i/ilp32/libc.a(lib_a-impure.o)
 .data          0x0000000000000998        0x0 /home/user/git/freedom-tools/obj/x86_64-linux-centos6/build/riscv64-unknown-elf-gcc/install-gcc/bin/../lib/gcc/riscv64-unknown-elf/10.2.0/../../../../riscv64-unknown-elf/lib/rv32i/ilp32/libc.a(lib_a-init.o)
 .data          0x0000000000000998        0x0 /home/user/git/freedom-tools/obj/x86_64-linux-centos6/build/riscv64-unknown-elf-gcc/install-gcc/bin/../lib/gcc/riscv64-unknown-elf/10.2.0/../../../../riscv64-unknown-elf/lib/rv32i/ilp32/libc.a(lib_a-memset.o)
 .data          0x0000000000000998        0x0 /home/user/git/freedom-tools/obj/x86_64-linux-centos6/build/riscv64-unknown-elf-gcc/install-gcc/bin/../lib/gcc/riscv64-unknown-elf/10.2.0/../../../../riscv64-unknown-elf/lib/rv32i/ilp32/libc.a(lib_a-__call_atexit.o)
 .data          0x0000000000000998        0x0 /home/user/git/freedom-tools/obj/x86_64-linux-centos6/build/riscv64-unknown-elf-gcc/install-gcc/bin/../lib/gcc/riscv64-unknown-elf/10.2.0/../../../../riscv64-unknown-elf/lib/rv32i/ilp32/libc.a(lib_a-fini.o)
 .data          0x0000000000000998        0x0 /home/user/git/freedom-tools/obj/x86_64-linux-centos6/build/riscv64-unknown-elf-gcc/install-gcc/bin/../lib/gcc/riscv64-unknown-elf/10.2.0/../../../../riscv64-unknown-elf/lib/rv32i/ilp32/libc.a(lib_a-atexit.o)
 .data          0x0000000000000998        0x0 /home/user/git/freedom-tools/obj/x86_64-linux-centos6/build/riscv64-unknown-elf-gcc/install-gcc/bin/../lib/gcc/riscv64-unknown-elf/10.2.0/../../../../riscv64-unknown-elf/lib/rv32i/ilp32/libc.a(lib_a-__atexit.o)
 .data          0x0000000000000998        0x0 /home/user/git/freedom-tools/obj/x86_64-linux-centos6/build/riscv64-unknown-elf-gcc/install-gcc/bin/../lib/gcc/riscv64-unknown-elf/10.2.0/../../../../riscv64-unknown-elf/lib/rv32i/ilp32/libgloss.a(sys_exit.o)
 .data          0x0000000000000998        0x0 /home/user/git/freedom-tools/obj/x86_64-linux-centos6/build/riscv64-unknown-elf-gcc/install-gcc/bin/../lib/gcc/riscv64-unknown-elf/10.2.0/../../../../riscv64-unknown-elf/lib/rv32i/ilp32/libc.a(lib_a-errno.o)
 .data          0x0000000000000998        0x0 /home/user/git/freedom-tools/obj/x86_64-linux-centos6/build/riscv64-unknown-elf-gcc/install-gcc/bin/../lib/gcc/riscv64-unknown-elf/10.2.0/rv32i/ilp32/crtend.o
                0x00000000000009a0                . = ALIGN (0x10)
 *fill*         0x0000000000000998        0x8 
                0x00000000000009a0                __data_end = .
                0x00000000000009a0                _edata = .
                [!provide]                        PROVIDE (edata = .)

.sbss           0x00000000000009a0        0x0
                0x00000000000009a0                __sbss_start = .
 *(.sbss .sbss.* .gnu.linkonce.sb.*)
 *(.scommon)
                0x00000000000009a0                . = ALIGN (0x10)
                0x00000000000009a0                __sbss_end = .

.bss            0x00000000000009a0       0x20
                0x00000000000009a0                __bss_start = .
 *(.shbss)
 *(.bss .bss.* .gnu.linkonce.b.*)
 .bss           0x00000000000009a0        0x0 /home/user/git/freedom-tools/obj/x86_64-linux-centos6/build/riscv64-unknown-elf-gcc/install-gcc/bin/../lib/gcc/riscv64-unknown-elf/10.2.0/../../../../riscv64-unknown-elf/lib/rv32i/ilp32/crt0.o
 .bss           0x00000000000009a0       0x1c /home/user/git/freedom-tools/obj/x86_64-linux-centos6/build/riscv64-unknown-elf-gcc/install-gcc/bin/../lib/gcc/riscv64-unknown-elf/10.2.0/rv32i/ilp32/crtbegin.o
 .bss           0x00000000000009bc        0x0 CMakeFiles/rv_code.dir/main.cpp.obj
 .bss           0x00000000000009bc        0x0 /home/user/git/freedom-tools/obj/x86_64-linux-centos6/build/riscv64-unknown-elf-gcc/install-gcc/bin/../lib/gcc/riscv64-unknown-elf/10.2.0/../../../../riscv64-unknown-elf/lib/rv32i/ilp32/libc.a(lib_a-exit.o)
 .bss           0x00000000000009bc        0x0 /home/user/git/freedom-tools/obj/x86_64-linux-centos6/build/riscv64-unknown-elf-gcc/install-gcc/bin/../lib/gcc/riscv64-unknown-elf/10.2.0/../../../../riscv64-unknown-elf/lib/rv32i/ilp32/libc.a(lib_a-impure.o)
 .bss           0x00000000000009bc        0x0 /home/user/git/freedom-tools/obj/x86_64-linux-centos6/build/riscv64-unknown-elf-gcc/install-gcc/bin/../lib/gcc/riscv64-unknown-elf/10.2.0/../../../../riscv64-unknown-elf/lib/rv32i/ilp32/libc.a(lib_a-init.o)
 .bss           0x00000000000009bc        0x0 /home/user/git/freedom-tools/obj/x86_64-linux-centos6/build/riscv64-unknown-elf-gcc/install-gcc/bin/../lib/gcc/riscv64-unknown-elf/10.2.0/../../../../riscv64-unknown-elf/lib/rv32i/ilp32/libc.a(lib_a-memset.o)
 .bss           0x00000000000009bc        0x0 /home/user/git/freedom-tools/obj/x86_64-linux-centos6/build/riscv64-unknown-elf-gcc/install-gcc/bin/../lib/gcc/riscv64-unknown-elf/10.2.0/../../../../riscv64-unknown-elf/lib/rv32i/ilp32/libc.a(lib_a-__call_atexit.o)
 .bss           0x00000000000009bc        0x0 /home/user/git/freedom-tools/obj/x86_64-linux-centos6/build/riscv64-unknown-elf-gcc/install-gcc/bin/../lib/gcc/riscv64-unknown-elf/10.2.0/../../../../riscv64-unknown-elf/lib/rv32i/ilp32/libc.a(lib_a-fini.o)
 .bss           0x00000000000009bc        0x0 /home/user/git/freedom-tools/obj/x86_64-linux-centos6/build/riscv64-unknown-elf-gcc/install-gcc/bin/../lib/gcc/riscv64-unknown-elf/10.2.0/../../../../riscv64-unknown-elf/lib/rv32i/ilp32/libc.a(lib_a-atexit.o)
 .bss           0x00000000000009bc        0x0 /home/user/git/freedom-tools/obj/x86_64-linux-centos6/build/riscv64-unknown-elf-gcc/install-gcc/bin/../lib/gcc/riscv64-unknown-elf/10.2.0/../../../../riscv64-unknown-elf/lib/rv32i/ilp32/libc.a(lib_a-__atexit.o)
 .bss           0x00000000000009bc        0x0 /home/user/git/freedom-tools/obj/x86_64-linux-centos6/build/riscv64-unknown-elf-gcc/install-gcc/bin/../lib/gcc/riscv64-unknown-elf/10.2.0/../../../../riscv64-unknown-elf/lib/rv32i/ilp32/libgloss.a(sys_exit.o)
 .bss           0x00000000000009bc        0x0 /home/user/git/freedom-tools/obj/x86_64-linux-centos6/build/riscv64-unknown-elf-gcc/install-gcc/bin/../lib/gcc/riscv64-unknown-elf/10.2.0/../../../../riscv64-unknown-elf/lib/rv32i/ilp32/libc.a(lib_a-errno.o)
 .bss           0x00000000000009bc        0x0 /home/user/git/freedom-tools/obj/x86_64-linux-centos6/build/riscv64-unknown-elf-gcc/install-gcc/bin/../lib/gcc/riscv64-unknown-elf/10.2.0/rv32i/ilp32/crtend.o
 *(COMMON)
                0x00000000000009c0                . = ALIGN (0x10)
 *fill*         0x00000000000009bc        0x4 
                0x00000000000009c0                __bss_end = .
                0x00000000000009c0                _end = .

.rela.dyn       0x00000000000009c0        0x0
 .rela.text     0x00000000000009c0        0x0 /home/user/git/freedom-tools/obj/x86_64-linux-centos6/build/riscv64-unknown-elf-gcc/install-gcc/bin/../lib/gcc/riscv64-unknown-elf/10.2.0/../../../../riscv64-unknown-elf/lib/rv32i/ilp32/crt0.o
 .rela.text.startup
                0x00000000000009c0        0x0 /home/user/git/freedom-tools/obj/x86_64-linux-centos6/build/riscv64-unknown-elf-gcc/install-gcc/bin/../lib/gcc/riscv64-unknown-elf/10.2.0/../../../../riscv64-unknown-elf/lib/rv32i/ilp32/crt0.o

.heap           0x00000000000009c0      0x800
                0x00000000000009c0                __heap_start = .
                0x00000000000011c0                . = (. + HEAP_SIZE)
 *fill*         0x00000000000009c0      0x800 
                0x00000000000011c0                __heap_end = .
                0x00000000000011c0                . = ALIGN (0x10)
                0x00000000000011c0                _heap_end = __heap_end

.stack          0x00000000000011c0      0x800
                0x00000000000011c0                __stack_bottom = .
                0x00000000000019c0                . = (. + STACK_SIZE)
 *fill*         0x00000000000011c0      0x800 
                0x00000000000019c0                __stack_top = .
OUTPUT(rv_code elf32-littleriscv)

.riscv.attributes
                0x0000000000000000       0x1c
 .riscv.attributes
                0x0000000000000000       0x1a /home/user/git/freedom-tools/obj/x86_64-linux-centos6/build/riscv64-unknown-elf-gcc/install-gcc/bin/../lib/gcc/riscv64-unknown-elf/10.2.0/../../../../riscv64-unknown-elf/lib/rv32i/ilp32/crt0.o
 .riscv.attributes
                0x000000000000001a       0x1c /home/user/git/freedom-tools/obj/x86_64-linux-centos6/build/riscv64-unknown-elf-gcc/install-gcc/bin/../lib/gcc/riscv64-unknown-elf/10.2.0/rv32i/ilp32/crtbegin.o
 .riscv.attributes
                0x0000000000000036       0x1c CMakeFiles/rv_code.dir/main.cpp.obj
 .riscv.attributes
                0x0000000000000052       0x1c /home/user/git/freedom-tools/obj/x86_64-linux-centos6/build/riscv64-unknown-elf-gcc/install-gcc/bin/../lib/gcc/riscv64-unknown-elf/10.2.0/../../../../riscv64-unknown-elf/lib/rv32i/ilp32/libc.a(lib_a-exit.o)
 .riscv.attributes
                0x000000000000006e       0x1c /home/user/git/freedom-tools/obj/x86_64-linux-centos6/build/riscv64-unknown-elf-gcc/install-gcc/bin/../lib/gcc/riscv64-unknown-elf/10.2.0/../../../../riscv64-unknown-elf/lib/rv32i/ilp32/libc.a(lib_a-impure.o)
 .riscv.attributes
                0x000000000000008a       0x1c /home/user/git/freedom-tools/obj/x86_64-linux-centos6/build/riscv64-unknown-elf-gcc/install-gcc/bin/../lib/gcc/riscv64-unknown-elf/10.2.0/../../../../riscv64-unknown-elf/lib/rv32i/ilp32/libc.a(lib_a-init.o)
 .riscv.attributes
                0x00000000000000a6       0x1a /home/user/git/freedom-tools/obj/x86_64-linux-centos6/build/riscv64-unknown-elf-gcc/install-gcc/bin/../lib/gcc/riscv64-unknown-elf/10.2.0/../../../../riscv64-unknown-elf/lib/rv32i/ilp32/libc.a(lib_a-memset.o)
 .riscv.attributes
                0x00000000000000c0       0x1c /home/user/git/freedom-tools/obj/x86_64-linux-centos6/build/riscv64-unknown-elf-gcc/install-gcc/bin/../lib/gcc/riscv64-unknown-elf/10.2.0/../../../../riscv64-unknown-elf/lib/rv32i/ilp32/libc.a(lib_a-__call_atexit.o)
 .riscv.attributes
                0x00000000000000dc       0x1c /home/user/git/freedom-tools/obj/x86_64-linux-centos6/build/riscv64-unknown-elf-gcc/install-gcc/bin/../lib/gcc/riscv64-unknown-elf/10.2.0/../../../../riscv64-unknown-elf/lib/rv32i/ilp32/libc.a(lib_a-fini.o)
 .riscv.attributes
                0x00000000000000f8       0x1c /home/user/git/freedom-tools/obj/x86_64-linux-centos6/build/riscv64-unknown-elf-gcc/install-gcc/bin/../lib/gcc/riscv64-unknown-elf/10.2.0/../../../../riscv64-unknown-elf/lib/rv32i/ilp32/libc.a(lib_a-atexit.o)
 .riscv.attributes
                0x0000000000000114       0x1c /home/user/git/freedom-tools/obj/x86_64-linux-centos6/build/riscv64-unknown-elf-gcc/install-gcc/bin/../lib/gcc/riscv64-unknown-elf/10.2.0/../../../../riscv64-unknown-elf/lib/rv32i/ilp32/libc.a(lib_a-__atexit.o)
 .riscv.attributes
                0x0000000000000130       0x1c /home/user/git/freedom-tools/obj/x86_64-linux-centos6/build/riscv64-unknown-elf-gcc/install-gcc/bin/../lib/gcc/riscv64-unknown-elf/10.2.0/../../../../riscv64-unknown-elf/lib/rv32i/ilp32/libgloss.a(sys_exit.o)
 .riscv.attributes
                0x000000000000014c       0x1c /home/user/git/freedom-tools/obj/x86_64-linux-centos6/build/riscv64-unknown-elf-gcc/install-gcc/bin/../lib/gcc/riscv64-unknown-elf/10.2.0/../../../../riscv64-unknown-elf/lib/rv32i/ilp32/libc.a(lib_a-errno.o)
 .riscv.attributes
                0x0000000000000168       0x1c /home/user/git/freedom-tools/obj/x86_64-linux-centos6/build/riscv64-unknown-elf-gcc/install-gcc/bin/../lib/gcc/riscv64-unknown-elf/10.2.0/rv32i/ilp32/crtend.o

.comment        0x0000000000000000       0x30
 .comment       0x0000000000000000       0x30 /home/user/git/freedom-tools/obj/x86_64-linux-centos6/build/riscv64-unknown-elf-gcc/install-gcc/bin/../lib/gcc/riscv64-unknown-elf/10.2.0/rv32i/ilp32/crtbegin.o
                                         0x31 (size before relaxing)
 .comment       0x0000000000000030       0x31 CMakeFiles/rv_code.dir/main.cpp.obj
 .comment       0x0000000000000030       0x31 /home/user/git/freedom-tools/obj/x86_64-linux-centos6/build/riscv64-unknown-elf-gcc/install-gcc/bin/../lib/gcc/riscv64-unknown-elf/10.2.0/../../../../riscv64-unknown-elf/lib/rv32i/ilp32/libc.a(lib_a-exit.o)
 .comment       0x0000000000000030       0x31 /home/user/git/freedom-tools/obj/x86_64-linux-centos6/build/riscv64-unknown-elf-gcc/install-gcc/bin/../lib/gcc/riscv64-unknown-elf/10.2.0/../../../../riscv64-unknown-elf/lib/rv32i/ilp32/libc.a(lib_a-impure.o)
 .comment       0x0000000000000030       0x31 /home/user/git/freedom-tools/obj/x86_64-linux-centos6/build/riscv64-unknown-elf-gcc/install-gcc/bin/../lib/gcc/riscv64-unknown-elf/10.2.0/../../../../riscv64-unknown-elf/lib/rv32i/ilp32/libc.a(lib_a-init.o)
 .comment       0x0000000000000030       0x31 /home/user/git/freedom-tools/obj/x86_64-linux-centos6/build/riscv64-unknown-elf-gcc/install-gcc/bin/../lib/gcc/riscv64-unknown-elf/10.2.0/../../../../riscv64-unknown-elf/lib/rv32i/ilp32/libc.a(lib_a-__call_atexit.o)
 .comment       0x0000000000000030       0x31 /home/user/git/freedom-tools/obj/x86_64-linux-centos6/build/riscv64-unknown-elf-gcc/install-gcc/bin/../lib/gcc/riscv64-unknown-elf/10.2.0/../../../../riscv64-unknown-elf/lib/rv32i/ilp32/libc.a(lib_a-fini.o)
 .comment       0x0000000000000030       0x31 /home/user/git/freedom-tools/obj/x86_64-linux-centos6/build/riscv64-unknown-elf-gcc/install-gcc/bin/../lib/gcc/riscv64-unknown-elf/10.2.0/../../../../riscv64-unknown-elf/lib/rv32i/ilp32/libc.a(lib_a-atexit.o)
 .comment       0x0000000000000030       0x31 /home/user/git/freedom-tools/obj/x86_64-linux-centos6/build/riscv64-unknown-elf-gcc/install-gcc/bin/../lib/gcc/riscv64-unknown-elf/10.2.0/../../../../riscv64-unknown-elf/lib/rv32i/ilp32/libc.a(lib_a-__atexit.o)
 .comment       0x0000000000000030       0x31 /home/user/git/freedom-tools/obj/x86_64-linux-centos6/build/riscv64-unknown-elf-gcc/install-gcc/bin/../lib/gcc/riscv64-unknown-elf/10.2.0/../../../../riscv64-unknown-elf/lib/rv32i/ilp32/libgloss.a(sys_exit.o)
 .comment       0x0000000000000030       0x31 /home/user/git/freedom-tools/obj/x86_64-linux-centos6/build/riscv64-unknown-elf-gcc/install-gcc/bin/../lib/gcc/riscv64-unknown-elf/10.2.0/../../../../riscv64-unknown-elf/lib/rv32i/ilp32/libc.a(lib_a-errno.o)
 .comment       0x0000000000000030       0x31 /home/user/git/freedom-tools/obj/x86_64-linux-centos6/build/riscv64-unknown-elf-gcc/install-gcc/bin/../lib/gcc/riscv64-unknown-elf/10.2.0/rv32i/ilp32/crtend.o
